<testsuites id="" name="" tests="3" failures="3" skipped="0" errors="0" time="21.64928">
<testsuite name="hourly-wage-edit-test.spec.ts" timestamp="2025-09-11T00:51:46.544Z" hostname="chromium-stable" tests="3" failures="3" skipped="0" time="57.341" errors="0">
<testcase name="시급 수정 기능 테스트 › 시급 관리 페이지에서 시급 수정 테스트" classname="hourly-wage-edit-test.spec.ts" time="18.417">
<failure message="hourly-wage-edit-test.spec.ts:13:7 시급 관리 페이지에서 시급 수정 테스트" type="FAILURE">
<![CDATA[  [chromium-stable] › hourly-wage-edit-test.spec.ts:13:7 › 시급 수정 기능 테스트 › 시급 관리 페이지에서 시급 수정 테스트 ────

    TimeoutError: locator.click: Timeout 10000ms exceeded.
    Call log:
      - waiting for locator('tbody tr').first().locator('button:has-text("수정")')


      41 |       // 수정 버튼 클릭
      42 |       const editButton = firstRow.locator('button:has-text("수정")');
    > 43 |       await editButton.click();
         |                        ^
      44 |       await page.waitForTimeout(1000);
      45 |       
      46 |       // 수정 모달 확인
        at /Users/m2/MASLABS/www.maslabs.kr/tests/hourly-wage-edit-test.spec.ts:43:24

    attachment #1: screenshot (image/png) ──────────────────────────────────────────────────────────
    ../test-results/hourly-wage-edit-test-시급-수정-기능-테스트-시급-관리-페이지에서-시급-수정-테스트-chromium-stable/test-failed-1.png
    ────────────────────────────────────────────────────────────────────────────────────────────────

    attachment #2: video (video/webm) ──────────────────────────────────────────────────────────────
    ../test-results/hourly-wage-edit-test-시급-수정-기능-테스트-시급-관리-페이지에서-시급-수정-테스트-chromium-stable/video.webm
    ────────────────────────────────────────────────────────────────────────────────────────────────

    Error Context: ../test-results/hourly-wage-edit-test-시급-수정-기능-테스트-시급-관리-페이지에서-시급-수정-테스트-chromium-stable/error-context.md
]]>
</failure>
<system-out>
<![CDATA[💰 시급 관리 페이지 테스트 시작
✅ 시급 관리 페이지 접근 성공
📊 기존 시급 데이터 행 수: [33m4[39m
👤 직원명: 최형호MASLABS-004
💰 현재 시급: 12,000원

[[ATTACHMENT|test-results/hourly-wage-edit-test-시급-수정-기능-테스트-시급-관리-페이지에서-시급-수정-테스트-chromium-stable/test-failed-1.png]]

[[ATTACHMENT|test-results/hourly-wage-edit-test-시급-수정-기능-테스트-시급-관리-페이지에서-시급-수정-테스트-chromium-stable/video.webm]]

[[ATTACHMENT|test-results/hourly-wage-edit-test-시급-수정-기능-테스트-시급-관리-페이지에서-시급-수정-테스트-chromium-stable/error-context.md]]
]]>
</system-out>
</testcase>
<testcase name="시급 수정 기능 테스트 › 직원 관리 페이지에서 시급 수정 테스트" classname="hourly-wage-edit-test.spec.ts" time="18.646">
<failure message="hourly-wage-edit-test.spec.ts:87:7 직원 관리 페이지에서 시급 수정 테스트" type="FAILURE">
<![CDATA[  [chromium-stable] › hourly-wage-edit-test.spec.ts:87:7 › 시급 수정 기능 테스트 › 직원 관리 페이지에서 시급 수정 테스트 ────

    TimeoutError: locator.click: Timeout 10000ms exceeded.
    Call log:
      - waiting for locator('tr').filter({ hasText: '허상원' }).locator('button:has-text("수정")')


      107 |     // 수정 버튼 클릭
      108 |     const editButton = heoSangWonRow.locator('button:has-text("수정")');
    > 109 |     await editButton.click();
          |                      ^
      110 |     await page.waitForTimeout(1000);
      111 |     
      112 |     // 수정 모달 확인
        at /Users/m2/MASLABS/www.maslabs.kr/tests/hourly-wage-edit-test.spec.ts:109:22

    attachment #1: screenshot (image/png) ──────────────────────────────────────────────────────────
    ../test-results/hourly-wage-edit-test-시급-수정-기능-테스트-직원-관리-페이지에서-시급-수정-테스트-chromium-stable/test-failed-1.png
    ────────────────────────────────────────────────────────────────────────────────────────────────

    attachment #2: video (video/webm) ──────────────────────────────────────────────────────────────
    ../test-results/hourly-wage-edit-test-시급-수정-기능-테스트-직원-관리-페이지에서-시급-수정-테스트-chromium-stable/video.webm
    ────────────────────────────────────────────────────────────────────────────────────────────────

    Error Context: ../test-results/hourly-wage-edit-test-시급-수정-기능-테스트-직원-관리-페이지에서-시급-수정-테스트-chromium-stable/error-context.md
]]>
</failure>
<system-out>
<![CDATA[👥 직원 관리 페이지 시급 수정 테스트 시작
✅ 직원 관리 페이지 접근 성공
✅ 허상원 행 찾기 성공

[[ATTACHMENT|test-results/hourly-wage-edit-test-시급-수정-기능-테스트-직원-관리-페이지에서-시급-수정-테스트-chromium-stable/test-failed-1.png]]

[[ATTACHMENT|test-results/hourly-wage-edit-test-시급-수정-기능-테스트-직원-관리-페이지에서-시급-수정-테스트-chromium-stable/video.webm]]

[[ATTACHMENT|test-results/hourly-wage-edit-test-시급-수정-기능-테스트-직원-관리-페이지에서-시급-수정-테스트-chromium-stable/error-context.md]]
]]>
</system-out>
</testcase>
<testcase name="시급 수정 기능 테스트 › 시급 수정 후 급여명세서 반영 확인" classname="hourly-wage-edit-test.spec.ts" time="20.278">
<failure message="hourly-wage-edit-test.spec.ts:147:7 시급 수정 후 급여명세서 반영 확인" type="FAILURE">
<![CDATA[  [chromium-stable] › hourly-wage-edit-test.spec.ts:147:7 › 시급 수정 기능 테스트 › 시급 수정 후 급여명세서 반영 확인 ─────

    TimeoutError: locator.textContent: Timeout 10000ms exceeded.
    Call log:
      - waiting for locator('text=시급:').locator('..').locator('span').last()


      170 |     
      171 |     // 시급 정보 확인
    > 172 |     const hourlyRate = await page.locator('text=시급:').locator('..').locator('span').last().textContent();
          |                                                                                            ^
      173 |     console.log('💰 급여명세서의 시급:', hourlyRate);
      174 |     
      175 |     // 시급이 13,000원인지 확인
        at /Users/m2/MASLABS/www.maslabs.kr/tests/hourly-wage-edit-test.spec.ts:172:92

    attachment #1: screenshot (image/png) ──────────────────────────────────────────────────────────
    ../test-results/hourly-wage-edit-test-시급-수정-기능-테스트-시급-수정-후-급여명세서-반영-확인-chromium-stable/test-failed-1.png
    ────────────────────────────────────────────────────────────────────────────────────────────────

    attachment #2: video (video/webm) ──────────────────────────────────────────────────────────────
    ../test-results/hourly-wage-edit-test-시급-수정-기능-테스트-시급-수정-후-급여명세서-반영-확인-chromium-stable/video.webm
    ────────────────────────────────────────────────────────────────────────────────────────────────

    Error Context: ../test-results/hourly-wage-edit-test-시급-수정-기능-테스트-시급-수정-후-급여명세서-반영-확인-chromium-stable/error-context.md
]]>
</failure>
<system-out>
<![CDATA[📋 시급 수정 후 급여명세서 반영 확인 테스트 시작
✅ 허상원 선택 완료

[[ATTACHMENT|test-results/hourly-wage-edit-test-시급-수정-기능-테스트-시급-수정-후-급여명세서-반영-확인-chromium-stable/test-failed-1.png]]

[[ATTACHMENT|test-results/hourly-wage-edit-test-시급-수정-기능-테스트-시급-수정-후-급여명세서-반영-확인-chromium-stable/video.webm]]

[[ATTACHMENT|test-results/hourly-wage-edit-test-시급-수정-기능-테스트-시급-수정-후-급여명세서-반영-확인-chromium-stable/error-context.md]]
]]>
</system-out>
</testcase>
</testsuite>
</testsuites>